mode: set
github.com/aegisgatesecurity/aegisgate-rampart/cmd/rampart/daemon.go:38.44,46.2 2 1
github.com/aegisgatesecurity/aegisgate-rampart/cmd/rampart/daemon.go:49.76,51.37 1 0
github.com/aegisgatesecurity/aegisgate-rampart/cmd/rampart/daemon.go:51.37,53.3 1 0
github.com/aegisgatesecurity/aegisgate-rampart/cmd/rampart/daemon.go:54.2,58.16 3 0
github.com/aegisgatesecurity/aegisgate-rampart/cmd/rampart/daemon.go:58.16,60.3 1 0
github.com/aegisgatesecurity/aegisgate-rampart/cmd/rampart/daemon.go:61.2,64.12 2 0
github.com/aegisgatesecurity/aegisgate-rampart/cmd/rampart/daemon.go:64.12,65.38 1 0
github.com/aegisgatesecurity/aegisgate-rampart/cmd/rampart/daemon.go:65.38,67.4 1 0
github.com/aegisgatesecurity/aegisgate-rampart/cmd/rampart/daemon.go:71.2,78.48 4 0
github.com/aegisgatesecurity/aegisgate-rampart/cmd/rampart/daemon.go:78.48,80.3 1 0
github.com/aegisgatesecurity/aegisgate-rampart/cmd/rampart/daemon.go:82.2,82.12 1 0
github.com/aegisgatesecurity/aegisgate-rampart/cmd/rampart/daemon.go:86.55,91.6 4 0
github.com/aegisgatesecurity/aegisgate-rampart/cmd/rampart/daemon.go:91.6,92.10 1 0
github.com/aegisgatesecurity/aegisgate-rampart/cmd/rampart/daemon.go:93.21,94.10 1 0
github.com/aegisgatesecurity/aegisgate-rampart/cmd/rampart/daemon.go:95.19,96.22 1 0
github.com/aegisgatesecurity/aegisgate-rampart/cmd/rampart/daemon.go:96.22,97.13 1 0
github.com/aegisgatesecurity/aegisgate-rampart/cmd/rampart/daemon.go:99.4,100.36 2 0
github.com/aegisgatesecurity/aegisgate-rampart/cmd/rampart/daemon.go:100.36,102.26 2 0
github.com/aegisgatesecurity/aegisgate-rampart/cmd/rampart/daemon.go:102.26,105.6 2 0
github.com/aegisgatesecurity/aegisgate-rampart/cmd/rampart/daemon.go:106.5,106.33 1 0
github.com/aegisgatesecurity/aegisgate-rampart/cmd/rampart/daemon.go:113.35,115.47 2 1
github.com/aegisgatesecurity/aegisgate-rampart/cmd/rampart/daemon.go:115.47,117.3 1 0
github.com/aegisgatesecurity/aegisgate-rampart/cmd/rampart/daemon.go:118.2,118.73 1 1
github.com/aegisgatesecurity/aegisgate-rampart/cmd/rampart/daemon.go:122.30,124.2 1 1
github.com/aegisgatesecurity/aegisgate-rampart/cmd/rampart/daemon.go:127.44,129.16 2 1
github.com/aegisgatesecurity/aegisgate-rampart/cmd/rampart/daemon.go:129.16,131.3 1 1
github.com/aegisgatesecurity/aegisgate-rampart/cmd/rampart/daemon.go:132.2,133.16 2 1
github.com/aegisgatesecurity/aegisgate-rampart/cmd/rampart/daemon.go:133.16,135.3 1 1
github.com/aegisgatesecurity/aegisgate-rampart/cmd/rampart/daemon.go:136.2,136.24 1 1
github.com/aegisgatesecurity/aegisgate-rampart/cmd/rampart/daemon.go:136.24,138.3 1 1
github.com/aegisgatesecurity/aegisgate-rampart/cmd/rampart/daemon.go:139.2,139.17 1 1
github.com/aegisgatesecurity/aegisgate-rampart/cmd/rampart/main.go:39.13,42.30 2 0
github.com/aegisgatesecurity/aegisgate-rampart/cmd/rampart/main.go:42.30,45.3 2 0
github.com/aegisgatesecurity/aegisgate-rampart/cmd/rampart/main.go:48.2,48.16 1 0
github.com/aegisgatesecurity/aegisgate-rampart/cmd/rampart/main.go:48.16,51.3 2 0
github.com/aegisgatesecurity/aegisgate-rampart/cmd/rampart/main.go:52.2,52.20 1 0
github.com/aegisgatesecurity/aegisgate-rampart/cmd/rampart/main.go:52.20,55.3 2 0
github.com/aegisgatesecurity/aegisgate-rampart/cmd/rampart/main.go:56.2,56.22 1 0
github.com/aegisgatesecurity/aegisgate-rampart/cmd/rampart/main.go:56.22,59.3 2 0
github.com/aegisgatesecurity/aegisgate-rampart/cmd/rampart/main.go:60.2,60.17 1 0
github.com/aegisgatesecurity/aegisgate-rampart/cmd/rampart/main.go:60.17,63.3 2 0
github.com/aegisgatesecurity/aegisgate-rampart/cmd/rampart/main.go:65.2,66.16 2 0
github.com/aegisgatesecurity/aegisgate-rampart/cmd/rampart/main.go:66.16,69.3 2 0
github.com/aegisgatesecurity/aegisgate-rampart/cmd/rampart/main.go:71.2,71.20 1 0
github.com/aegisgatesecurity/aegisgate-rampart/cmd/rampart/main.go:71.20,73.3 1 0
github.com/aegisgatesecurity/aegisgate-rampart/cmd/rampart/main.go:74.2,74.25 1 0
github.com/aegisgatesecurity/aegisgate-rampart/cmd/rampart/main.go:74.25,76.3 1 0
github.com/aegisgatesecurity/aegisgate-rampart/cmd/rampart/main.go:77.2,77.28 1 0
github.com/aegisgatesecurity/aegisgate-rampart/cmd/rampart/main.go:77.28,79.3 1 0
github.com/aegisgatesecurity/aegisgate-rampart/cmd/rampart/main.go:80.2,80.24 1 0
github.com/aegisgatesecurity/aegisgate-rampart/cmd/rampart/main.go:80.24,82.3 1 0
github.com/aegisgatesecurity/aegisgate-rampart/cmd/rampart/main.go:83.2,83.17 1 0
github.com/aegisgatesecurity/aegisgate-rampart/cmd/rampart/main.go:83.17,85.3 1 0
github.com/aegisgatesecurity/aegisgate-rampart/cmd/rampart/main.go:86.2,86.18 1 0
github.com/aegisgatesecurity/aegisgate-rampart/cmd/rampart/main.go:86.18,88.3 1 0
github.com/aegisgatesecurity/aegisgate-rampart/cmd/rampart/main.go:91.2,91.16 1 0
github.com/aegisgatesecurity/aegisgate-rampart/cmd/rampart/main.go:91.16,93.3 1 0
github.com/aegisgatesecurity/aegisgate-rampart/cmd/rampart/main.go:94.2,94.21 1 0
github.com/aegisgatesecurity/aegisgate-rampart/cmd/rampart/main.go:94.21,96.3 1 0
github.com/aegisgatesecurity/aegisgate-rampart/cmd/rampart/main.go:98.2,98.68 1 0
github.com/aegisgatesecurity/aegisgate-rampart/cmd/rampart/main.go:98.68,101.3 2 0
github.com/aegisgatesecurity/aegisgate-rampart/cmd/rampart/main.go:104.2,104.22 1 0
github.com/aegisgatesecurity/aegisgate-rampart/cmd/rampart/main.go:104.22,106.3 1 0
github.com/aegisgatesecurity/aegisgate-rampart/cmd/rampart/main.go:109.2,109.32 1 0
github.com/aegisgatesecurity/aegisgate-rampart/cmd/rampart/main.go:109.32,111.3 1 0
github.com/aegisgatesecurity/aegisgate-rampart/cmd/rampart/main.go:113.2,116.17 3 0
github.com/aegisgatesecurity/aegisgate-rampart/cmd/rampart/main.go:116.17,118.3 1 0
github.com/aegisgatesecurity/aegisgate-rampart/cmd/rampart/main.go:118.8,120.3 1 0
github.com/aegisgatesecurity/aegisgate-rampart/cmd/rampart/main.go:124.88,126.16 2 1
github.com/aegisgatesecurity/aegisgate-rampart/cmd/rampart/main.go:126.16,129.3 2 0
github.com/aegisgatesecurity/aegisgate-rampart/cmd/rampart/main.go:131.2,137.22 5 1
github.com/aegisgatesecurity/aegisgate-rampart/cmd/rampart/main.go:137.22,139.3 1 1
github.com/aegisgatesecurity/aegisgate-rampart/cmd/rampart/main.go:141.2,141.12 1 1
github.com/aegisgatesecurity/aegisgate-rampart/cmd/rampart/main.go:141.12,142.7 1 1
github.com/aegisgatesecurity/aegisgate-rampart/cmd/rampart/main.go:142.7,143.11 1 1
github.com/aegisgatesecurity/aegisgate-rampart/cmd/rampart/main.go:144.19,148.11 4 0
github.com/aegisgatesecurity/aegisgate-rampart/cmd/rampart/main.go:149.22,153.19 4 0
github.com/aegisgatesecurity/aegisgate-rampart/cmd/rampart/main.go:153.19,155.14 2 0
github.com/aegisgatesecurity/aegisgate-rampart/cmd/rampart/main.go:157.5,157.27 1 0
github.com/aegisgatesecurity/aegisgate-rampart/cmd/rampart/main.go:162.2,164.34 3 1
github.com/aegisgatesecurity/aegisgate-rampart/cmd/rampart/main.go:164.34,166.3 1 0
github.com/aegisgatesecurity/aegisgate-rampart/cmd/rampart/main.go:167.2,168.31 2 1
github.com/aegisgatesecurity/aegisgate-rampart/cmd/rampart/main.go:168.31,170.3 1 1
github.com/aegisgatesecurity/aegisgate-rampart/cmd/rampart/main.go:171.2,173.37 2 1
github.com/aegisgatesecurity/aegisgate-rampart/cmd/rampart/main.go:173.37,176.3 2 0
github.com/aegisgatesecurity/aegisgate-rampart/cmd/rampart/main.go:180.84,184.49 2 0
github.com/aegisgatesecurity/aegisgate-rampart/cmd/rampart/main.go:184.49,188.3 3 0
github.com/aegisgatesecurity/aegisgate-rampart/cmd/rampart/main.go:190.2,192.12 2 0
github.com/aegisgatesecurity/aegisgate-rampart/cmd/rampart/main.go:192.12,198.3 5 0
github.com/aegisgatesecurity/aegisgate-rampart/cmd/rampart/main.go:200.2,202.43 2 0
github.com/aegisgatesecurity/aegisgate-rampart/cmd/rampart/main.go:202.43,204.3 1 0
github.com/aegisgatesecurity/aegisgate-rampart/cmd/rampart/main.go:208.28,210.2 1 1
github.com/aegisgatesecurity/aegisgate-rampart/cmd/rampart/main.go:213.20,221.20 7 1
github.com/aegisgatesecurity/aegisgate-rampart/cmd/rampart/main.go:221.20,224.3 2 0
github.com/aegisgatesecurity/aegisgate-rampart/cmd/rampart/main.go:226.2,227.20 2 1
github.com/aegisgatesecurity/aegisgate-rampart/cmd/rampart/main.go:227.20,229.3 1 0
github.com/aegisgatesecurity/aegisgate-rampart/cmd/rampart/main.go:229.8,232.3 2 1
github.com/aegisgatesecurity/aegisgate-rampart/cmd/rampart/main.go:236.35,238.16 2 1
github.com/aegisgatesecurity/aegisgate-rampart/cmd/rampart/main.go:238.16,241.3 2 0
github.com/aegisgatesecurity/aegisgate-rampart/cmd/rampart/main.go:242.2,243.12 2 1
github.com/aegisgatesecurity/aegisgate-rampart/cmd/rampart/main.go:243.12,244.38 1 1
github.com/aegisgatesecurity/aegisgate-rampart/cmd/rampart/main.go:244.38,247.4 2 0
github.com/aegisgatesecurity/aegisgate-rampart/cmd/rampart/main.go:248.3,249.32 2 1
github.com/aegisgatesecurity/aegisgate-rampart/cmd/rampart/main.go:249.32,251.4 1 0
github.com/aegisgatesecurity/aegisgate-rampart/cmd/rampart/main.go:252.8,253.39 1 1
github.com/aegisgatesecurity/aegisgate-rampart/cmd/rampart/main.go:253.39,256.4 2 0
github.com/aegisgatesecurity/aegisgate-rampart/cmd/rampart/main.go:257.3,257.62 1 1
github.com/aegisgatesecurity/aegisgate-rampart/cmd/rampart/main.go:262.21,273.49 9 1
github.com/aegisgatesecurity/aegisgate-rampart/cmd/rampart/main.go:273.49,275.3 1 0
github.com/aegisgatesecurity/aegisgate-rampart/cmd/rampart/main.go:275.8,277.3 1 1
github.com/aegisgatesecurity/aegisgate-rampart/cmd/rampart/main.go:279.2,281.49 3 1
github.com/aegisgatesecurity/aegisgate-rampart/cmd/rampart/process_unix.go:13.34,15.16 2 1
github.com/aegisgatesecurity/aegisgate-rampart/cmd/rampart/process_unix.go:15.16,17.3 1 0
github.com/aegisgatesecurity/aegisgate-rampart/cmd/rampart/process_unix.go:18.2,18.49 1 1
github.com/aegisgatesecurity/aegisgate-rampart/cmd/rampart/signal_unix.go:13.36,15.2 1 1
github.com/aegisgatesecurity/aegisgate-rampart/cmd/rampart/signal_unix.go:19.31,21.2 1 1
